<?xml version="1.0" encoding="utf-8"?><testsuites name="pytest tests"><testsuite name="pytest" errors="0" failures="0" skipped="0" tests="11" time="124.480" timestamp="2025-12-06T20:16:54.536953+05:30" hostname="DESKTOP-N1TDUUB"><testcase classname="Tests.test_Register.TestRegister" name="test_register_with_mandatory_fields" time="13.677" /><testcase classname="Tests.test_Register.TestRegister" name="test_register_with_all_fields" time="12.499" /><testcase classname="Tests.test_Register.TestRegister" name="test_register_with_duplicate_email" time="11.186" /><testcase classname="Tests.test_Register.TestRegister" name="test_without_entering_any_fields" time="11.662" /><testcase classname="Tests.test_Search.TestSearch" name="test_search_for_a_valid_product" time="9.771" /><testcase classname="Tests.test_Search.TestSearch" name="test_search_for_invalid_product" time="9.494" /><testcase classname="Tests.test_Search.TestSearch" name="test_search_without_entering_any_product" time="10.801" /><testcase classname="Tests.test_login.TestLogin" name="test_login_with_valid_credentials" time="11.099" /><testcase classname="Tests.test_login.TestLogin" name="test_login_with_invalid_credentials" time="10.540" /><testcase classname="Tests.test_login.TestLogin" name="test_Login_with_valid_email_and_invalid_password" time="9.676" /><testcase classname="Tests.test_login.TestLogin" name="test_Login_without_entering_credentials" time="13.495" /></testsuite></testsuites>